Objectives:
  - Create MySQL database container with port forwarding
  - After populating database with SQL script, verify database contents 3 ways

# To ensure /home/student/local/mysql exists and configured with correct permissions for persistent storage for MySQL container
# Automatically enables ownership and SELinux context
[student@workstation ~]$ lab manage-networking start

# Create MySQL container instance with persistent storage and port forwarding
[student@workstation ~]$ podman login registry.redhat.io

# Download MySQL container image and create container instance with persistent storage and port forwarding
# -p option allows port forwarding so that port 13306 on local host forwards to container port 3306
[student@workstation ~]$ podman run --name mysqldb-port \
> -d -v /home/student/local/mysql:/var/lib/mysql/data -p 13306:3306 \
> -e MYSQL_USER=user1 -e MYSQL_PASSWORD=mypa55 \
> -e MYSQL_DATABASE=items -e MYSQL_ROOT_PASSWORD=r00tpa55 \
> registry.redhat.io/rhel8/mysql-80:1

# Verify that mysqldb-port container has started successfully and enables port forwarding
[student@workstation ~]$ podman ps --format="{{.ID}} {{.Names}} {{.Ports}}"
# 9941da2936a5   mysqldb-port   0.0.0.0:13306->3306/tcp

# Populate database with provided file (if no errors, then no output)
# 127.0.0.1 is local host (standard loopback address)
[student@workstation ~]$ mysql -uuser1 -h 127.0.0.1 -pmypa55 \
> -P13306 items < /home/student/DO180/labs/manage-networking/db.sql

# 3 ways to verify that the database was loaded successfully

# 1: Execute a non-interactive command inside the container
[student@workstation ~]$ podman exec -it mysqldb-port  \
> mysql -uroot items -e "SELECT * FROM Item"

# 2: Use port forwarding from the local host
[student@workstation ~]$ mysql -uuser1 -h 127.0.0.1 -pmypa55 \
> -P13306 items -e " SELECT * FROM Item"

# 3: Open interactive terminal session inside the container
# Open bash shell
[student@workstation ~]$ podman exec -it mysqldb-port /bin/bash
# bash-4.2#
# Verify that the database contains data
bash-4.4$ mysql -uroot items -e "SELECT * FROM Items"
# Exit
bash-4.4$ exit

[student@workstation ~]$ lab manage-networking finish